<html>
<body>
<pre>
<h1>µVision Build Log</h1>
<h2>Tool Versions:</h2>
IDE-Version: ¦ÌVision V5.15
Copyright (C) 2015 ARM Ltd and ARM Germany GmbH. All rights reserved.
License Information: h Microsoft, Microsoft, LIC=P6FVE-5GRG3-VHX87-EH8SQ-1JVC9-GF6G1
 
Tool Versions:
Toolchain:       MDK-ARM Professional  Version: 5.15.0
Toolchain Path:  C:\Program Files\Keil_v5\ARM\ARMCC\Bin
C Compiler:      Armcc.exe V5.05 update 2 (build 169)
Assembler:       Armasm.exe V5.05 update 2 (build 169)
Linker/Locator:  ArmLink.exe V5.05 update 2 (build 169)
Library Manager: ArmAr.exe V5.05 update 2 (build 169)
Hex Converter:   FromElf.exe V5.05 update 2 (build 169)
CPU DLL:         SARMCM3.DLL V5.15.0
Dialog DLL:      DARMSTM.DLL V1.65.0.0
Target DLL:      Segger\JL2CM3.dll V2.99.15.0
Dialog DLL:      TARMSTM.DLL V1.64.0.0
 
<h2>Project:</h2>
C:\Users\hsc\Desktop\tinySH uCOS-II\MDK\tinySH_uCOS-II.uvproj
Project File Date:  09/17/2011

<h2>Output:</h2>
*** Using Compiler 'V5.05 update 2 (build 169)', folder: 'C:\Program Files\Keil_v5\ARM\ARMCC\Bin'
Rebuild target 'tinySH uCOS-II'
compiling core_cm3.c...
compiling misc.c...
compiling stm32f10x.c...
compiling stm32f10x_exti.c...
compiling stm32f10x_flash.c...
compiling stm32f10x_iwdg.c...
compiling stm32f10x_pwr.c...
compiling stm32f10x_rcc.c...
compiling stm32f10x_usart.c...
compiling system_stm32f10x.c...
assembling startup_stm32f10x_md_arm.s...
compiling stm32f10x_gpio.c...
compiling stream.c...
compiling spin_lock.c...
compiling interrupt.c...
compiling delay.c...
compiling usart.c...
compiling watchdog.c...
compiling asm_code.c...
compiling global.c...
compiling utility.c...
compiling app_hook.c...
compiling init.c...
compiling main.c...
compiling os_cpu_c.c...
assembling os_cpu_a_arm.asm...
compiling OS_CORE.C...
compiling OS_FLAG.C...
compiling OS_MBOX.C...
compiling OS_MEM.C...
compiling OS_MUTEX.C...
compiling OS_Q.C...
compiling OS_SEM.C...
compiling OS_TASK.C...
compiling OS_TIME.C...
compiling os_tmr.c...
compiling task_start.c...
compiling task_feeddog.c...
compiling stack.c...
compiling shell.c...
compiling shell_code.c...
compiling shell_nodes.c...
compiling sh_root.c...
compiling sh_sbin.c...
compiling sh_debug.c...
linking...
Program Size: Code=18328 RO-data=2088 RW-data=300 ZI-data=8468  
FromELF: creating hex file...
".\OUT\tinySH uCOS-II.axf" - 0 Error(s), 0 Warning(s).
</pre>
</body>
</html>
